../Core/Src/main.c:92:5:main	16	static
../Core/Src/main.c:213:6:SystemClock_Config	88	static
../Core/Src/main.c:254:13:MX_ADC1_Init	24	static
../Core/Src/main.c:306:13:MX_TIM2_Init	32	static
../Core/Src/main.c:351:13:MX_TIM3_Init	32	static
../Core/Src/main.c:396:13:MX_TIM4_Init	32	static
../Core/Src/main.c:441:13:MX_TIM12_Init	24	static
../Core/Src/main.c:479:13:MX_USART3_UART_Init	8	static
../Core/Src/main.c:512:13:MX_GPIO_Init	40	static
../Core/Src/main.c:548:6:Print_ADC_Values	96	static
../Core/Src/main.c:595:6:Error_Handler	4	static,ignoring_inline_asm
