13:02:50 **** Incremental Build of configuration Debug for project Workshop_5 ****
make -j8 all 
arm-none-eabi-size  Workshop_5.elf 
   text	   data	    bss	    dec	    hex	filename
  19348	     96	   2360	  21804	   552c	Workshop_5.elf
Finished building: default.size.stdout
 
13:04:02 **** Incremental Build of configuration Debug for project Workshop_5 ****
make -j8 all 
arm-none-eabi-gcc "../Core/Src/main.c" -mcpu=cortex-m4 -std=gnu11 -g3 -DDEBUG -DUSE_HAL_DRIVER -DSTM32F407xx -c -I../Core/Inc -I../Drivers/STM32F4xx_HAL_Driver/Inc -I../Drivers/STM32F4xx_HAL_Driver/Inc/Legacy -I../Drivers/CMSIS/Device/ST/STM32F4xx/Include -I../Drivers/CMSIS/Include -O0 -ffunction-sections -fdata-sections -Wall -fstack-usage -fcyclomatic-complexity -MMD -MP -MF"Core/Src/main.d" -MT"Core/Src/main.o" --specs=nano.specs -mfpu=fpv4-sp-d16 -mfloat-abi=hard -mthumb -o "Core/Src/main.o"
arm-none-eabi-gcc -o "Workshop_5.elf" @"objects.list"   -mcpu=cortex-m4 -T"X:\folderInternship\STM32-Training\Workshop_5\STM32F407VGTX_FLASH.ld" --specs=nosys.specs -Wl,-Map="Workshop_5.map" -Wl,--gc-sections -static --specs=nano.specs -mfpu=fpv4-sp-d16 -mfloat-abi=hard -mthumb -Wl,--start-group -lc -lm -Wl,--end-group
Finished building target: Workshop_5.elf
 
arm-none-eabi-size  Workshop_5.elf 
arm-none-eabi-objdump -h -S Workshop_5.elf  > "Workshop_5.list"
   text	   data	    bss	    dec	    hex	filename
  19348	     96	   2360	  21804	   552c	Workshop_5.elf
Finished building: default.size.stdout
 
Finished building: Workshop_5.list
 
13:08:31 **** Incremental Build of configuration Debug for project Workshop_5 ****
make -j8 all 
arm-none-eabi-gcc "../Core/Src/main.c" -mcpu=cortex-m4 -std=gnu11 -g3 -DDEBUG -DUSE_HAL_DRIVER -DSTM32F407xx -c -I../Core/Inc -I../Drivers/STM32F4xx_HAL_Driver/Inc -I../Drivers/STM32F4xx_HAL_Driver/Inc/Legacy -I../Drivers/CMSIS/Device/ST/STM32F4xx/Include -I../Drivers/CMSIS/Include -O0 -ffunction-sections -fdata-sections -Wall -fstack-usage -fcyclomatic-complexity -MMD -MP -MF"Core/Src/main.d" -MT"Core/Src/main.o" --specs=nano.specs -mfpu=fpv4-sp-d16 -mfloat-abi=hard -mthumb -o "Core/Src/main.o"
arm-none-eabi-gcc -o "Workshop_5.elf" @"objects.list"   -mcpu=cortex-m4 -T"X:\folderInternship\STM32-Training\Workshop_5\STM32F407VGTX_FLASH.ld" --specs=nosys.specs -Wl,-Map="Workshop_5.map" -Wl,--gc-sections -static --specs=nano.specs -mfpu=fpv4-sp-d16 -mfloat-abi=hard -mthumb -Wl,--start-group -lc -lm -Wl,--end-group
Finished building target: Workshop_5.elf
 
arm-none-eabi-size  Workshop_5.elf 
arm-none-eabi-objdump -h -S Workshop_5.elf  > "Workshop_5.list"
   text	   data	    bss	    dec	    hex	filename
  19348	     96	   2360	  21804	   552c	Workshop_5.elf
Finished building: default.size.stdout
 
Finished building: Workshop_5.list
 
13:11:41 **** Incremental Build of configuration Debug for project Workshop_5 ****
make -j8 all 
arm-none-eabi-gcc "../Core/Src/main.c" -mcpu=cortex-m4 -std=gnu11 -g3 -DDEBUG -DUSE_HAL_DRIVER -DSTM32F407xx -c -I../Core/Inc -I../Drivers/STM32F4xx_HAL_Driver/Inc -I../Drivers/STM32F4xx_HAL_Driver/Inc/Legacy -I../Drivers/CMSIS/Device/ST/STM32F4xx/Include -I../Drivers/CMSIS/Include -O0 -ffunction-sections -fdata-sections -Wall -fstack-usage -fcyclomatic-complexity -MMD -MP -MF"Core/Src/main.d" -MT"Core/Src/main.o" --specs=nano.specs -mfpu=fpv4-sp-d16 -mfloat-abi=hard -mthumb -o "Core/Src/main.o"
arm-none-eabi-gcc -o "Workshop_5.elf" @"objects.list"   -mcpu=cortex-m4 -T"X:\folderInternship\STM32-Training\Workshop_5\STM32F407VGTX_FLASH.ld" --specs=nosys.specs -Wl,-Map="Workshop_5.map" -Wl,--gc-sections -static --specs=nano.specs -mfpu=fpv4-sp-d16 -mfloat-abi=hard -mthumb -Wl,--start-group -lc -lm -Wl,--end-group
Finished building target: Workshop_5.elf
 
arm-none-eabi-size  Workshop_5.elf 
arm-none-eabi-objdump -h -S Workshop_5.elf  > "Workshop_5.list"
   text	   data	    bss	    dec	    hex	filename
  19348	     96	   2360	  21804	   552c	Workshop_5.elf
Finished building: default.size.stdout
 
Finished building: Workshop_5.list
 
13:13:11 **** Incremental Build of configuration Debug for project Workshop_5 ****
make -j8 all 
arm-none-eabi-gcc "../Core/Src/main.c" -mcpu=cortex-m4 -std=gnu11 -g3 -DDEBUG -DUSE_HAL_DRIVER -DSTM32F407xx -c -I../Core/Inc -I../Drivers/STM32F4xx_HAL_Driver/Inc -I../Drivers/STM32F4xx_HAL_Driver/Inc/Legacy -I../Drivers/CMSIS/Device/ST/STM32F4xx/Include -I../Drivers/CMSIS/Include -O0 -ffunction-sections -fdata-sections -Wall -fstack-usage -fcyclomatic-complexity -MMD -MP -MF"Core/Src/main.d" -MT"Core/Src/main.o" --specs=nano.specs -mfpu=fpv4-sp-d16 -mfloat-abi=hard -mthumb -o "Core/Src/main.o"
arm-none-eabi-gcc -o "Workshop_5.elf" @"objects.list"   -mcpu=cortex-m4 -T"X:\folderInternship\STM32-Training\Workshop_5\STM32F407VGTX_FLASH.ld" --specs=nosys.specs -Wl,-Map="Workshop_5.map" -Wl,--gc-sections -static --specs=nano.specs -mfpu=fpv4-sp-d16 -mfloat-abi=hard -mthumb -Wl,--start-group -lc -lm -Wl,--end-group
Finished building target: Workshop_5.elf
 
arm-none-eabi-size  Workshop_5.elf 
arm-none-eabi-objdump -h -S Workshop_5.elf  > "Workshop_5.list"
   text	   data	    bss	    dec	    hex	filename
  19348	     96	   2360	  21804	   552c	Workshop_5.elf
Finished building: default.size.stdout
 
Finished building: Workshop_5.list
 
13:14:14 **** Incremental Build of configuration Debug for project Workshop_5 ****
make -j8 all 
arm-none-eabi-gcc "../Core/Src/main.c" -mcpu=cortex-m4 -std=gnu11 -g3 -DDEBUG -DUSE_HAL_DRIVER -DSTM32F407xx -c -I../Core/Inc -I../Drivers/STM32F4xx_HAL_Driver/Inc -I../Drivers/STM32F4xx_HAL_Driver/Inc/Legacy -I../Drivers/CMSIS/Device/ST/STM32F4xx/Include -I../Drivers/CMSIS/Include -O0 -ffunction-sections -fdata-sections -Wall -fstack-usage -fcyclomatic-complexity -MMD -MP -MF"Core/Src/main.d" -MT"Core/Src/main.o" --specs=nano.specs -mfpu=fpv4-sp-d16 -mfloat-abi=hard -mthumb -o "Core/Src/main.o"
arm-none-eabi-gcc -o "Workshop_5.elf" @"objects.list"   -mcpu=cortex-m4 -T"X:\folderInternship\STM32-Training\Workshop_5\STM32F407VGTX_FLASH.ld" --specs=nosys.specs -Wl,-Map="Workshop_5.map" -Wl,--gc-sections -static --specs=nano.specs -mfpu=fpv4-sp-d16 -mfloat-abi=hard -mthumb -Wl,--start-group -lc -lm -Wl,--end-group
Finished building target: Workshop_5.elf
 
arm-none-eabi-size  Workshop_5.elf 
arm-none-eabi-objdump -h -S Workshop_5.elf  > "Workshop_5.list"
   text	   data	    bss	    dec	    hex	filename
  19348	     96	   2360	  21804	   552c	Workshop_5.elf
Finished building: default.size.stdout
 
Finished building: Workshop_5.list
 
13:15:25 **** Incremental Build of configuration Debug for project Workshop_5 ****
make -j8 all 
arm-none-eabi-gcc "../Core/Src/main.c" -mcpu=cortex-m4 -std=gnu11 -g3 -DDEBUG -DUSE_HAL_DRIVER -DSTM32F407xx -c -I../Core/Inc -I../Drivers/STM32F4xx_HAL_Driver/Inc -I../Drivers/STM32F4xx_HAL_Driver/Inc/Legacy -I../Drivers/CMSIS/Device/ST/STM32F4xx/Include -I../Drivers/CMSIS/Include -O0 -ffunction-sections -fdata-sections -Wall -fstack-usage -fcyclomatic-complexity -MMD -MP -MF"Core/Src/main.d" -MT"Core/Src/main.o" --specs=nano.specs -mfpu=fpv4-sp-d16 -mfloat-abi=hard -mthumb -o "Core/Src/main.o"
arm-none-eabi-gcc -o "Workshop_5.elf" @"objects.list"   -mcpu=cortex-m4 -T"X:\folderInternship\STM32-Training\Workshop_5\STM32F407VGTX_FLASH.ld" --specs=nosys.specs -Wl,-Map="Workshop_5.map" -Wl,--gc-sections -static --specs=nano.specs -mfpu=fpv4-sp-d16 -mfloat-abi=hard -mthumb -Wl,--start-group -lc -lm -Wl,--end-group
Finished building target: Workshop_5.elf
 
arm-none-eabi-size  Workshop_5.elf 
arm-none-eabi-objdump -h -S Workshop_5.elf  > "Workshop_5.list"
   text	   data	    bss	    dec	    hex	filename
  19348	     96	   2360	  21804	   552c	Workshop_5.elf
Finished building: default.size.stdout
 
Finished building: Workshop_5.list
 
13:27:05 **** Incremental Build of configuration Debug for project Workshop_5 ****
make -j8 all 
arm-none-eabi-size  Workshop_5.elf 
   text	   data	    bss	    dec	    hex	filename
  19348	     96	   2360	  21804	   552c	Workshop_5.elf
Finished building: default.size.stdout
 
